../Drivers/CMSIS/Include/core_cm7.h:2660:26:ITM_SendChar	16	static,ignoring_inline_asm
../Core/Src/main.c:48:5:_write	32	static
../Core/Src/main.c:115:16:I2C_Init	4	static
../Core/Src/main.c:116:16:I2C_DeInit	4	static
../Core/Src/main.c:157:6:HAL_DCMI_FrameEventCallback	24	static,ignoring_inline_asm
../Core/Src/main.c:172:19:PSRAM_EnableQuadMode	64	static
../Core/Src/main.c:191:19:PSRAM_Write	80	static
../Core/Src/main.c:216:19:PSRAM_Read	80	static
../Core/Src/main.c:243:6:FillGrayRamp_Y8	40	static
../Core/Src/main.c:256:13:SD_TestWrite	608	static
../Core/Src/main.c:298:5:main	120	static,ignoring_inline_asm
../Core/Src/main.c:487:6:SystemClock_Config	120	static
../Core/Src/main.c:547:13:MX_DCMI_Init	8	static
../Core/Src/main.c:584:13:MX_I2C1_Init	8	static
../Core/Src/main.c:632:13:MX_QUADSPI_Init	8	static
../Core/Src/main.c:667:13:MX_RNG_Init	8	static
../Core/Src/main.c:694:13:MX_SPI3_Init	8	static
../Core/Src/main.c:742:13:MX_UART5_Init	8	static
../Core/Src/main.c:790:13:MX_DMA_Init	16	static
../Core/Src/main.c:828:13:MX_GPIO_Init	64	static
../Core/Src/main.c:905:6:StartDefaultTask	16	static
../Core/Src/main.c:925:6:StartCameraTask	32	static,ignoring_inline_asm
../Core/Src/main.c:994:6:HAL_TIM_PeriodElapsedCallback	16	static
../Core/Src/main.c:1012:6:Error_Handler	4	static,ignoring_inline_asm
